[    6231ms] [INFO] %cDownload the React DevTools for a better development experience: https://react.dev/link/react-devtools font-weight:bold @ http://localhost:3000/_next/static/chunks/node_modules_next_dist_f3530cac._.js:2297
[    6417ms] [LOG] [HMR] connected @ http://localhost:3000/_next/static/chunks/node_modules_next_dist_f3530cac._.js:2297
[    6941ms] [LOG] [Fast Refresh] rebuilding @ http://localhost:3000/_next/static/chunks/node_modules_next_dist_f3530cac._.js:2297
[    7866ms] [LOG] [Fast Refresh] done in 1319ms @ http://localhost:3000/_next/static/chunks/node_modules_next_dist_f3530cac._.js:2297
[    7972ms] [ERROR] useInsertionEffect must not schedule updates. @ http://localhost:3000/_next/static/chunks/node_modules_next_dist_f3530cac._.js:3127
[    7972ms] [ERROR] useInsertionEffect must not schedule updates. @ http://localhost:3000/_next/static/chunks/node_modules_next_dist_f3530cac._.js:3127
[    7974ms] [ERROR] useInsertionEffect must not schedule updates. @ http://localhost:3000/_next/static/chunks/node_modules_next_dist_f3530cac._.js:3127
[    7977ms] [ERROR] useInsertionEffect must not schedule updates. @ http://localhost:3000/_next/static/chunks/node_modules_next_dist_f3530cac._.js:3127
[    7978ms] [ERROR] useInsertionEffect must not schedule updates. @ http://localhost:3000/_next/static/chunks/node_modules_next_dist_f3530cac._.js:3127
[    7979ms] [ERROR] useInsertionEffect must not schedule updates. @ http://localhost:3000/_next/static/chunks/node_modules_next_dist_f3530cac._.js:3127
[    7979ms] [ERROR] useInsertionEffect must not schedule updates. @ http://localhost:3000/_next/static/chunks/node_modules_next_dist_f3530cac._.js:3127
[    7980ms] [ERROR] useInsertionEffect must not schedule updates. @ http://localhost:3000/_next/static/chunks/node_modules_next_dist_f3530cac._.js:3127
[    7981ms] [ERROR] useInsertionEffect must not schedule updates. @ http://localhost:3000/_next/static/chunks/node_modules_next_dist_f3530cac._.js:3127
[    7982ms] [ERROR] useInsertionEffect must not schedule updates. @ http://localhost:3000/_next/static/chunks/node_modules_next_dist_f3530cac._.js:3127
[    7983ms] [ERROR] useInsertionEffect must not schedule updates. @ http://localhost:3000/_next/static/chunks/node_modules_next_dist_f3530cac._.js:3127
[    7983ms] [ERROR] useInsertionEffect must not schedule updates. @ http://localhost:3000/_next/static/chunks/node_modules_next_dist_f3530cac._.js:3127
[    7984ms] [ERROR] useInsertionEffect must not schedule updates. @ http://localhost:3000/_next/static/chunks/node_modules_next_dist_f3530cac._.js:3127
[    7985ms] [ERROR] useInsertionEffect must not schedule updates. @ http://localhost:3000/_next/static/chunks/node_modules_next_dist_f3530cac._.js:3127
[    7985ms] [ERROR] useInsertionEffect must not schedule updates. @ http://localhost:3000/_next/static/chunks/node_modules_next_dist_f3530cac._.js:3127
[    7986ms] [ERROR] useInsertionEffect must not schedule updates. @ http://localhost:3000/_next/static/chunks/node_modules_next_dist_f3530cac._.js:3127
[    7986ms] [ERROR] useInsertionEffect must not schedule updates. @ http://localhost:3000/_next/static/chunks/node_modules_next_dist_f3530cac._.js:3127
[    7987ms] [ERROR] useInsertionEffect must not schedule updates. @ http://localhost:3000/_next/static/chunks/node_modules_next_dist_f3530cac._.js:3127
[    7987ms] [ERROR] useInsertionEffect must not schedule updates. @ http://localhost:3000/_next/static/chunks/node_modules_next_dist_f3530cac._.js:3127
[    7988ms] [ERROR] useInsertionEffect must not schedule updates. @ http://localhost:3000/_next/static/chunks/node_modules_next_dist_f3530cac._.js:3127
[    7988ms] [ERROR] useInsertionEffect must not schedule updates. @ http://localhost:3000/_next/static/chunks/node_modules_next_dist_f3530cac._.js:3127
[    7988ms] [ERROR] useInsertionEffect must not schedule updates. @ http://localhost:3000/_next/static/chunks/node_modules_next_dist_f3530cac._.js:3127
[    7989ms] [ERROR] useInsertionEffect must not schedule updates. @ http://localhost:3000/_next/static/chunks/node_modules_next_dist_f3530cac._.js:3127
[    7989ms] [ERROR] useInsertionEffect must not schedule updates. @ http://localhost:3000/_next/static/chunks/node_modules_next_dist_f3530cac._.js:3127
[    7990ms] [ERROR] useInsertionEffect must not schedule updates. @ http://localhost:3000/_next/static/chunks/node_modules_next_dist_f3530cac._.js:3127
[    7991ms] [ERROR] useInsertionEffect must not schedule updates. @ http://localhost:3000/_next/static/chunks/node_modules_next_dist_f3530cac._.js:3127
[    7991ms] [ERROR] useInsertionEffect must not schedule updates. @ http://localhost:3000/_next/static/chunks/node_modules_next_dist_f3530cac._.js:3127
[    7992ms] [ERROR] useInsertionEffect must not schedule updates. @ http://localhost:3000/_next/static/chunks/node_modules_next_dist_f3530cac._.js:3127
[    7993ms] [ERROR] useInsertionEffect must not schedule updates. @ http://localhost:3000/_next/static/chunks/node_modules_next_dist_f3530cac._.js:3127
[    7993ms] [ERROR] useInsertionEffect must not schedule updates. @ http://localhost:3000/_next/static/chunks/node_modules_next_dist_f3530cac._.js:3127
[    7994ms] [ERROR] useInsertionEffect must not schedule updates. @ http://localhost:3000/_next/static/chunks/node_modules_next_dist_f3530cac._.js:3127
[    7995ms] [ERROR] useInsertionEffect must not schedule updates. @ http://localhost:3000/_next/static/chunks/node_modules_next_dist_f3530cac._.js:3127
[    7996ms] [ERROR] useInsertionEffect must not schedule updates. @ http://localhost:3000/_next/static/chunks/node_modules_next_dist_f3530cac._.js:3127
[    7996ms] [ERROR] useInsertionEffect must not schedule updates. @ http://localhost:3000/_next/static/chunks/node_modules_next_dist_f3530cac._.js:3127
[    7997ms] [ERROR] useInsertionEffect must not schedule updates. @ http://localhost:3000/_next/static/chunks/node_modules_next_dist_f3530cac._.js:3127
[    7998ms] [ERROR] useInsertionEffect must not schedule updates. @ http://localhost:3000/_next/static/chunks/node_modules_next_dist_f3530cac._.js:3127
[    7998ms] [ERROR] useInsertionEffect must not schedule updates. @ http://localhost:3000/_next/static/chunks/node_modules_next_dist_f3530cac._.js:3127
[    7999ms] [ERROR] useInsertionEffect must not schedule updates. @ http://localhost:3000/_next/static/chunks/node_modules_next_dist_f3530cac._.js:3127
[    7999ms] [ERROR] useInsertionEffect must not schedule updates. @ http://localhost:3000/_next/static/chunks/node_modules_next_dist_f3530cac._.js:3127
[    8000ms] [ERROR] useInsertionEffect must not schedule updates. @ http://localhost:3000/_next/static/chunks/node_modules_next_dist_f3530cac._.js:3127
[    8359ms] [LOG] [Migration] Successfully migrated 0 todos @ http://localhost:3000/_next/static/chunks/node_modules_next_dist_f3530cac._.js:2297
[    8362ms] [LOG] [Migration] Successfully migrated 0 todos @ http://localhost:3000/_next/static/chunks/node_modules_next_dist_f3530cac._.js:2297
[    8437ms] [LOG] [Fast Refresh] rebuilding @ http://localhost:3000/_next/static/chunks/node_modules_next_dist_f3530cac._.js:2297
[   10620ms] [LOG] [Fast Refresh] done in 2284ms @ http://localhost:3000/_next/static/chunks/node_modules_next_dist_f3530cac._.js:2297
