[     356ms] [INFO] %cDownload the React DevTools for a better development experience: https://react.dev/link/react-devtools font-weight:bold @ http://localhost:3000/_next/static/chunks/node_modules_next_dist_f3530cac._.js:2297
[     384ms] [LOG] [HMR] connected @ http://localhost:3000/_next/static/chunks/node_modules_next_dist_f3530cac._.js:2297
[    1320ms] [LOG] [Migration] Already completed, skipping @ http://localhost:3000/_next/static/chunks/node_modules_next_dist_f3530cac._.js:2297
[    1321ms] [LOG] [Migration] Already completed, skipping @ http://localhost:3000/_next/static/chunks/node_modules_next_dist_f3530cac._.js:2297
[20481394ms] [ERROR] WebSocket connection to 'ws://localhost:3000/_next/webpack-hmr?id=vCSqQXsW0TTOVqKlamNLc' failed:  @ http://localhost:3000/_next/static/chunks/node_modules_next_dist_client_17643121._.js:10876
[20482399ms] [ERROR] WebSocket connection to 'ws://localhost:3000/_next/webpack-hmr?id=vCSqQXsW0TTOVqKlamNLc' failed: Error in connection establishment: net::ERR_CONNECTION_REFUSED @ http://localhost:3000/_next/static/chunks/node_modules_next_dist_client_17643121._.js:10876
[20483402ms] [ERROR] WebSocket connection to 'ws://localhost:3000/_next/webpack-hmr?id=vCSqQXsW0TTOVqKlamNLc' failed: Error in connection establishment: net::ERR_CONNECTION_REFUSED @ http://localhost:3000/_next/static/chunks/node_modules_next_dist_client_17643121._.js:10876
[20484404ms] [ERROR] WebSocket connection to 'ws://localhost:3000/_next/webpack-hmr?id=vCSqQXsW0TTOVqKlamNLc' failed: Error in connection establishment: net::ERR_CONNECTION_REFUSED @ http://localhost:3000/_next/static/chunks/node_modules_next_dist_client_17643121._.js:10876
[20485406ms] [ERROR] WebSocket connection to 'ws://localhost:3000/_next/webpack-hmr?id=vCSqQXsW0TTOVqKlamNLc' failed: Error in connection establishment: net::ERR_CONNECTION_REFUSED @ http://localhost:3000/_next/static/chunks/node_modules_next_dist_client_17643121._.js:10876
[20486409ms] [ERROR] WebSocket connection to 'ws://localhost:3000/_next/webpack-hmr?id=vCSqQXsW0TTOVqKlamNLc' failed: Error in connection establishment: net::ERR_CONNECTION_REFUSED @ http://localhost:3000/_next/static/chunks/node_modules_next_dist_client_17643121._.js:10876
[20491414ms] [ERROR] WebSocket connection to 'ws://localhost:3000/_next/webpack-hmr?id=vCSqQXsW0TTOVqKlamNLc' failed: Error in connection establishment: net::ERR_CONNECTION_REFUSED @ http://localhost:3000/_next/static/chunks/node_modules_next_dist_client_17643121._.js:10876
[20496426ms] [ERROR] WebSocket connection to 'ws://localhost:3000/_next/webpack-hmr?id=vCSqQXsW0TTOVqKlamNLc' failed: Error in connection establishment: net::ERR_CONNECTION_REFUSED @ http://localhost:3000/_next/static/chunks/node_modules_next_dist_client_17643121._.js:10876
[20501443ms] [ERROR] WebSocket connection to 'ws://localhost:3000/_next/webpack-hmr?id=vCSqQXsW0TTOVqKlamNLc' failed: Error in connection establishment: net::ERR_CONNECTION_REFUSED @ http://localhost:3000/_next/static/chunks/node_modules_next_dist_client_17643121._.js:10876
[20506466ms] [ERROR] WebSocket connection to 'ws://localhost:3000/_next/webpack-hmr?id=vCSqQXsW0TTOVqKlamNLc' failed: Error in connection establishment: net::ERR_CONNECTION_REFUSED @ http://localhost:3000/_next/static/chunks/node_modules_next_dist_client_17643121._.js:10876
[20511505ms] [ERROR] WebSocket connection to 'ws://localhost:3000/_next/webpack-hmr?id=vCSqQXsW0TTOVqKlamNLc' failed: Error in connection establishment: net::ERR_CONNECTION_REFUSED @ http://localhost:3000/_next/static/chunks/node_modules_next_dist_client_17643121._.js:10876
[20516597ms] [ERROR] WebSocket connection to 'ws://localhost:3000/_next/webpack-hmr?id=vCSqQXsW0TTOVqKlamNLc' failed: Error in connection establishment: net::ERR_CONNECTION_REFUSED @ http://localhost:3000/_next/static/chunks/node_modules_next_dist_client_17643121._.js:10876
[20521689ms] [ERROR] WebSocket connection to 'ws://localhost:3000/_next/webpack-hmr?id=vCSqQXsW0TTOVqKlamNLc' failed: Error in connection establishment: net::ERR_CONNECTION_REFUSED @ http://localhost:3000/_next/static/chunks/node_modules_next_dist_client_17643121._.js:10876
[89685759ms] [ERROR] Failed to load resource: the server responded with a status of 404 (Not Found) @ http://localhost:3000/dashboard:0
[89685986ms] [INFO] %cDownload the React DevTools for a better development experience: https://react.dev/link/react-devtools font-weight:bold @ http://localhost:3000/_next/static/chunks/node_modules_next_dist_115brz8._.js:2431
[89686080ms] [LOG] [HMR] connected @ http://localhost:3000/_next/static/chunks/node_modules_next_dist_115brz8._.js:2431
